| Method | Executed violations | Valid success | Agreement | Mean rounds | Seller reward | Latency (s) | Rejected proposals | Executed recoveries / attempts |
|---|---:|---:|---:|---:|---:|---:|---:|---:|
| AACE-full | 0% | 88% | 88% | 3.26 | 22.84 | 70.95 | 75 | 75 / 75 |
| ToolGuard | 0% | 92% | 92% | 3.48 | 19.30 | 95.82 | 166 | 74 / 120 |

{
  "has_executed_violation": {
    "aace_minus_toolguard_mean": 0.0,
    "paired_bootstrap_95pct": [
      0.0,
      0.0
    ],
    "positive_pairs": 0,
    "negative_pairs": 0,
    "tied_pairs": 50,
    "exact_paired_discordance_p": 1.0
  },
  "valid_success": {
    "aace_minus_toolguard_mean": -0.04,
    "paired_bootstrap_95pct": [
      -0.12,
      0.04
    ],
    "positive_pairs": 1,
    "negative_pairs": 3,
    "tied_pairs": 46,
    "exact_paired_discordance_p": 0.625
  },
  "success": {
    "aace_minus_toolguard_mean": -0.04,
    "paired_bootstrap_95pct": [
      -0.12,
      0.04
    ],
    "positive_pairs": 1,
    "negative_pairs": 3,
    "tied_pairs": 46,
    "exact_paired_discordance_p": 0.625
  },
  "round": {
    "aace_minus_toolguard_mean": -0.22,
    "paired_bootstrap_95pct": [
      -0.82,
      0.34
    ]
  },
  "seller_reward": {
    "aace_minus_toolguard_mean": 3.5418000000000003,
    "paired_bootstrap_95pct": [
      1.874395,
      5.4301274999999976
    ]
  },
  "latency_sec": {
    "aace_minus_toolguard_mean": -24.861976604159572,
    "paired_bootstrap_95pct": [
      -40.97171247649357,
      -9.760913839992421
    ]
  },
  "rejected_proposals": {
    "aace_minus_toolguard_mean": -1.82,
    "paired_bootstrap_95pct": [
      -2.72,
      -1.0
    ]
  },
  "recoveries_executed": {
    "aace_minus_toolguard_mean": 0.02,
    "paired_bootstrap_95pct": [
      -0.34,
      0.28
    ]
  }
}
