<unknown>:10: SyntaxWarning: invalid escape sequence '\d'
Completed pair 1
Completed pair 4
Completed pair 8
Completed pair 7
Completed pair 9
Completed pair 11
Completed pair 12
Completed pair 6
Completed pair 13
Completed pair 3
Completed pair 10
Completed pair 5
Completed pair 15
Completed pair 18
Completed pair 2
Completed pair 14
Completed pair 17
Completed pair 16
Completed pair 20
Completed pair 21
Completed pair 23
Completed pair 19
Completed pair 0
Completed pair 26
Completed pair 25
Completed pair 29
Completed pair 31
Completed pair 22
Completed pair 24
Completed pair 32
Completed pair 33
Completed pair 27
Completed pair 30
Completed pair 38
Completed pair 39
Completed pair 28
Completed pair 35
Completed pair 34
Completed pair 36
Completed pair 37
Completed pair 40
Completed pair 46
Completed pair 42
Completed pair 44
Completed pair 41
Completed pair 48
Completed pair 47
Completed pair 45
Completed pair 43
Completed pair 49
Reward = time_cost(-11.00 * 0.10) = -1.10 (round=11, deal not reached)
Seller Reward = time_cost(-11.00 * 0.10) = -1.10 (round=11, deal not reached)
Buyer Reward = time_cost(-11.00 * 0.10) = -1.10 (round=11, deal not reached)
Reward = time_cost(-11.00 * 0.10) = -1.10 (round=11, deal not reached)
Seller Reward = time_cost(-11.00 * 0.10) = -1.10 (round=11, deal not reached)
Buyer Reward = time_cost(-11.00 * 0.10) = -1.10 (round=11, deal not reached)
Reward = buyer_savings(0.00 * 1.00) + seller_profit(30.00 * 1.00) + time_cost(-2.00 * 0.10) = 29.80 (buyer_max=120.0, deal_price=120.00, seller_min=90.0, round=2)
Seller Reward = seller_profit(30.00 * 1.00) + time_cost(-2.00 * 0.10) = 29.80 (deal_price=120.00, seller_min=90.0, round=2)
Buyer Reward = buyer_savings(0.00 * 1.00) + time_cost(-2.00 * 0.10) = -0.20 (buyer_max=120.0, deal_price=120.00, round=2)
Reward = buyer_savings(0.00 * 1.00) + seller_profit(30.00 * 1.00) + time_cost(-5.00 * 0.10) = 29.50 (buyer_max=120.0, deal_price=120.00, seller_min=90.0, round=5)
Seller Reward = seller_profit(30.00 * 1.00) + time_cost(-5.00 * 0.10) = 29.50 (deal_price=120.00, seller_min=90.0, round=5)
Buyer Reward = buyer_savings(0.00 * 1.00) + time_cost(-5.00 * 0.10) = -0.50 (buyer_max=120.0, deal_price=120.00, round=5)
Reward = buyer_savings(0.00 * 1.00) + seller_profit(30.00 * 1.00) + time_cost(-3.00 * 0.10) = 29.70 (buyer_max=120.0, deal_price=120.00, seller_min=90.0, round=3)
Seller Reward = seller_profit(30.00 * 1.00) + time_cost(-3.00 * 0.10) = 29.70 (deal_price=120.00, seller_min=90.0, round=3)
Buyer Reward = buyer_savings(0.00 * 1.00) + time_cost(-3.00 * 0.10) = -0.30 (buyer_max=120.0, deal_price=120.00, round=3)
Reward = buyer_savings(0.00 * 1.00) + seller_profit(30.00 * 1.00) + time_cost(-2.00 * 0.10) = 29.80 (buyer_max=120.0, deal_price=120.00, seller_min=90.0, round=2)
Seller Reward = seller_profit(30.00 * 1.00) + time_cost(-2.00 * 0.10) = 29.80 (deal_price=120.00, seller_min=90.0, round=2)
Buyer Reward = buyer_savings(0.00 * 1.00) + time_cost(-2.00 * 0.10) = -0.20 (buyer_max=120.0, deal_price=120.00, round=2)
Reward = buyer_savings(15.00 * 1.00) + seller_profit(15.00 * 1.00) + time_cost(-2.00 * 0.10) = 29.80 (buyer_max=120.0, deal_price=105.00, seller_min=90.0, round=2)
Seller Reward = seller_profit(15.00 * 1.00) + time_cost(-2.00 * 0.10) = 14.80 (deal_price=105.00, seller_min=90.0, round=2)
Buyer Reward = buyer_savings(15.00 * 1.00) + time_cost(-2.00 * 0.10) = 14.80 (buyer_max=120.0, deal_price=105.00, round=2)
Reward = buyer_savings(16.00 * 1.00) + seller_profit(14.00 * 1.00) + time_cost(-2.00 * 0.10) = 29.80 (buyer_max=120.0, deal_price=104.00, seller_min=90.0, round=2)
Seller Reward = seller_profit(14.00 * 1.00) + time_cost(-2.00 * 0.10) = 13.80 (deal_price=104.00, seller_min=90.0, round=2)
Buyer Reward = buyer_savings(16.00 * 1.00) + time_cost(-2.00 * 0.10) = 15.80 (buyer_max=120.0, deal_price=104.00, round=2)
Reward = buyer_savings(25.00 * 1.00) + seller_profit(5.00 * 1.00) + time_cost(-2.00 * 0.10) = 29.80 (buyer_max=120.0, deal_price=95.00, seller_min=90.0, round=2)
Seller Reward = seller_profit(5.00 * 1.00) + time_cost(-2.00 * 0.10) = 4.80 (deal_price=95.00, seller_min=90.0, round=2)
Buyer Reward = buyer_savings(25.00 * 1.00) + time_cost(-2.00 * 0.10) = 24.80 (buyer_max=120.0, deal_price=95.00, round=2)
Reward = buyer_savings(6.52 * 1.00) + seller_profit(23.48 * 1.00) + time_cost(-2.00 * 0.10) = 29.80 (buyer_max=120.0, deal_price=113.48, seller_min=90.0, round=2)
Seller Reward = seller_profit(23.48 * 1.00) + time_cost(-2.00 * 0.10) = 23.28 (deal_price=113.48, seller_min=90.0, round=2)
Buyer Reward = buyer_savings(6.52 * 1.00) + time_cost(-2.00 * 0.10) = 6.32 (buyer_max=120.0, deal_price=113.48, round=2)
Reward = buyer_savings(26.00 * 1.00) + seller_profit(4.00 * 1.00) + time_cost(-3.00 * 0.10) = 29.70 (buyer_max=120.0, deal_price=94.00, seller_min=90.0, round=3)
Seller Reward = seller_profit(4.00 * 1.00) + time_cost(-3.00 * 0.10) = 3.70 (deal_price=94.00, seller_min=90.0, round=3)
Buyer Reward = buyer_savings(26.00 * 1.00) + time_cost(-3.00 * 0.10) = 25.70 (buyer_max=120.0, deal_price=94.00, round=3)
Reward = buyer_savings(30.00 * 1.00) + seller_profit(-0.00 * 1.00) + time_cost(-10.00 * 0.10) = 29.00 (buyer_max=120.0, deal_price=90.00, seller_min=90.0, round=10)
Seller Reward = seller_profit(-0.00 * 1.00) + time_cost(-10.00 * 0.10) = -1.00 (deal_price=90.00, seller_min=90.0, round=10)
Buyer Reward = buyer_savings(30.00 * 1.00) + time_cost(-10.00 * 0.10) = 29.00 (buyer_max=120.0, deal_price=90.00, round=10)
Reward = buyer_savings(0.50 * 1.00) + seller_profit(29.50 * 1.00) + time_cost(-3.00 * 0.10) = 29.70 (buyer_max=120.0, deal_price=119.50, seller_min=90.0, round=3)
Seller Reward = seller_profit(29.50 * 1.00) + time_cost(-3.00 * 0.10) = 29.20 (deal_price=119.50, seller_min=90.0, round=3)
Buyer Reward = buyer_savings(0.50 * 1.00) + time_cost(-3.00 * 0.10) = 0.20 (buyer_max=120.0, deal_price=119.50, round=3)
Reward = buyer_savings(0.00 * 1.00) + seller_profit(30.00 * 1.00) + time_cost(-4.00 * 0.10) = 29.60 (buyer_max=120.0, deal_price=120.00, seller_min=90.0, round=4)
Seller Reward = seller_profit(30.00 * 1.00) + time_cost(-4.00 * 0.10) = 29.60 (deal_price=120.00, seller_min=90.0, round=4)
Buyer Reward = buyer_savings(0.00 * 1.00) + time_cost(-4.00 * 0.10) = -0.40 (buyer_max=120.0, deal_price=120.00, round=4)
Reward = buyer_savings(10.00 * 1.00) + seller_profit(20.00 * 1.00) + time_cost(-2.00 * 0.10) = 29.80 (buyer_max=120.0, deal_price=110.00, seller_min=90.0, round=2)
Seller Reward = seller_profit(20.00 * 1.00) + time_cost(-2.00 * 0.10) = 19.80 (deal_price=110.00, seller_min=90.0, round=2)
Buyer Reward = buyer_savings(10.00 * 1.00) + time_cost(-2.00 * 0.10) = 9.80 (buyer_max=120.0, deal_price=110.00, round=2)
Reward = buyer_savings(15.00 * 1.00) + seller_profit(15.00 * 1.00) + time_cost(-1.00 * 0.10) = 29.90 (buyer_max=120.0, deal_price=105.00, seller_min=90.0, round=1)
Seller Reward = seller_profit(15.00 * 1.00) + time_cost(-1.00 * 0.10) = 14.90 (deal_price=105.00, seller_min=90.0, round=1)
Buyer Reward = buyer_savings(15.00 * 1.00) + time_cost(-1.00 * 0.10) = 14.90 (buyer_max=120.0, deal_price=105.00, round=1)
Reward = buyer_savings(5.00 * 1.00) + seller_profit(25.00 * 1.00) + time_cost(-1.00 * 0.10) = 29.90 (buyer_max=120.0, deal_price=115.00, seller_min=90.0, round=1)
Seller Reward = seller_profit(25.00 * 1.00) + time_cost(-1.00 * 0.10) = 24.90 (deal_price=115.00, seller_min=90.0, round=1)
Buyer Reward = buyer_savings(5.00 * 1.00) + time_cost(-1.00 * 0.10) = 4.90 (buyer_max=120.0, deal_price=115.00, round=1)
Reward = buyer_savings(10.00 * 1.00) + seller_profit(20.00 * 1.00) + time_cost(-2.00 * 0.10) = 29.80 (buyer_max=120.0, deal_price=110.00, seller_min=90.0, round=2)
Seller Reward = seller_profit(20.00 * 1.00) + time_cost(-2.00 * 0.10) = 19.80 (deal_price=110.00, seller_min=90.0, round=2)
Buyer Reward = buyer_savings(10.00 * 1.00) + time_cost(-2.00 * 0.10) = 9.80 (buyer_max=120.0, deal_price=110.00, round=2)
Reward = buyer_savings(0.00 * 1.00) + seller_profit(30.00 * 1.00) + time_cost(-4.00 * 0.10) = 29.60 (buyer_max=120.0, deal_price=120.00, seller_min=90.0, round=4)
Seller Reward = seller_profit(30.00 * 1.00) + time_cost(-4.00 * 0.10) = 29.60 (deal_price=120.00, seller_min=90.0, round=4)
Buyer Reward = buyer_savings(0.00 * 1.00) + time_cost(-4.00 * 0.10) = -0.40 (buyer_max=120.0, deal_price=120.00, round=4)
Reward = buyer_savings(0.00 * 1.00) + seller_profit(30.00 * 1.00) + time_cost(-2.00 * 0.10) = 29.80 (buyer_max=120.0, deal_price=120.00, seller_min=90.0, round=2)
Seller Reward = seller_profit(30.00 * 1.00) + time_cost(-2.00 * 0.10) = 29.80 (deal_price=120.00, seller_min=90.0, round=2)
Buyer Reward = buyer_savings(0.00 * 1.00) + time_cost(-2.00 * 0.10) = -0.20 (buyer_max=120.0, deal_price=120.00, round=2)
Reward = buyer_savings(10.00 * 1.00) + seller_profit(20.00 * 1.00) + time_cost(-1.00 * 0.10) = 29.90 (buyer_max=120.0, deal_price=110.00, seller_min=90.0, round=1)
Seller Reward = seller_profit(20.00 * 1.00) + time_cost(-1.00 * 0.10) = 19.90 (deal_price=110.00, seller_min=90.0, round=1)
Buyer Reward = buyer_savings(10.00 * 1.00) + time_cost(-1.00 * 0.10) = 9.90 (buyer_max=120.0, deal_price=110.00, round=1)
Reward = buyer_savings(0.00 * 1.00) + seller_profit(30.00 * 1.00) + time_cost(-2.00 * 0.10) = 29.80 (buyer_max=120.0, deal_price=120.00, seller_min=90.0, round=2)
Seller Reward = seller_profit(30.00 * 1.00) + time_cost(-2.00 * 0.10) = 29.80 (deal_price=120.00, seller_min=90.0, round=2)
Buyer Reward = buyer_savings(0.00 * 1.00) + time_cost(-2.00 * 0.10) = -0.20 (buyer_max=120.0, deal_price=120.00, round=2)
Reward = buyer_savings(5.00 * 1.00) + seller_profit(25.00 * 1.00) + time_cost(-2.00 * 0.10) = 29.80 (buyer_max=120.0, deal_price=115.00, seller_min=90.0, round=2)
Seller Reward = seller_profit(25.00 * 1.00) + time_cost(-2.00 * 0.10) = 24.80 (deal_price=115.00, seller_min=90.0, round=2)
Buyer Reward = buyer_savings(5.00 * 1.00) + time_cost(-2.00 * 0.10) = 4.80 (buyer_max=120.0, deal_price=115.00, round=2)
Reward = buyer_savings(18.00 * 1.00) + seller_profit(12.00 * 1.00) + time_cost(-2.00 * 0.10) = 29.80 (buyer_max=120.0, deal_price=102.00, seller_min=90.0, round=2)
Seller Reward = seller_profit(12.00 * 1.00) + time_cost(-2.00 * 0.10) = 11.80 (deal_price=102.00, seller_min=90.0, round=2)
Buyer Reward = buyer_savings(18.00 * 1.00) + time_cost(-2.00 * 0.10) = 17.80 (buyer_max=120.0, deal_price=102.00, round=2)
Reward = time_cost(-11.00 * 0.10) = -1.10 (round=11, deal not reached)
Seller Reward = time_cost(-11.00 * 0.10) = -1.10 (round=11, deal not reached)
Buyer Reward = time_cost(-11.00 * 0.10) = -1.10 (round=11, deal not reached)
Reward = time_cost(-11.00 * 0.10) = -1.10 (round=11, deal not reached)
Seller Reward = time_cost(-11.00 * 0.10) = -1.10 (round=11, deal not reached)
Buyer Reward = time_cost(-11.00 * 0.10) = -1.10 (round=11, deal not reached)
Reward = buyer_savings(0.00 * 1.00) + seller_profit(30.00 * 1.00) + time_cost(-3.00 * 0.10) = 29.70 (buyer_max=120.0, deal_price=120.00, seller_min=90.0, round=3)
Seller Reward = seller_profit(30.00 * 1.00) + time_cost(-3.00 * 0.10) = 29.70 (deal_price=120.00, seller_min=90.0, round=3)
Buyer Reward = buyer_savings(0.00 * 1.00) + time_cost(-3.00 * 0.10) = -0.30 (buyer_max=120.0, deal_price=120.00, round=3)
Reward = buyer_savings(0.00 * 1.00) + seller_profit(30.00 * 1.00) + time_cost(-3.00 * 0.10) = 29.70 (buyer_max=120.0, deal_price=120.00, seller_min=90.0, round=3)
Seller Reward = seller_profit(30.00 * 1.00) + time_cost(-3.00 * 0.10) = 29.70 (deal_price=120.00, seller_min=90.0, round=3)
Buyer Reward = buyer_savings(0.00 * 1.00) + time_cost(-3.00 * 0.10) = -0.30 (buyer_max=120.0, deal_price=120.00, round=3)
Reward = buyer_savings(0.00 * 1.00) + seller_profit(30.00 * 1.00) + time_cost(-1.00 * 0.10) = 29.90 (buyer_max=120.0, deal_price=120.00, seller_min=90.0, round=1)
Seller Reward = seller_profit(30.00 * 1.00) + time_cost(-1.00 * 0.10) = 29.90 (deal_price=120.00, seller_min=90.0, round=1)
Buyer Reward = buyer_savings(0.00 * 1.00) + time_cost(-1.00 * 0.10) = -0.10 (buyer_max=120.0, deal_price=120.00, round=1)
Reward = buyer_savings(0.00 * 1.00) + seller_profit(30.00 * 1.00) + time_cost(-1.00 * 0.10) = 29.90 (buyer_max=120.0, deal_price=120.00, seller_min=90.0, round=1)
Seller Reward = seller_profit(30.00 * 1.00) + time_cost(-1.00 * 0.10) = 29.90 (deal_price=120.00, seller_min=90.0, round=1)
Buyer Reward = buyer_savings(0.00 * 1.00) + time_cost(-1.00 * 0.10) = -0.10 (buyer_max=120.0, deal_price=120.00, round=1)
Reward = buyer_savings(10.00 * 1.00) + seller_profit(20.00 * 1.00) + time_cost(-1.00 * 0.10) = 29.90 (buyer_max=120.0, deal_price=110.00, seller_min=90.0, round=1)
Seller Reward = seller_profit(20.00 * 1.00) + time_cost(-1.00 * 0.10) = 19.90 (deal_price=110.00, seller_min=90.0, round=1)
Buyer Reward = buyer_savings(10.00 * 1.00) + time_cost(-1.00 * 0.10) = 9.90 (buyer_max=120.0, deal_price=110.00, round=1)
Reward = buyer_savings(0.00 * 1.00) + seller_profit(30.00 * 1.00) + time_cost(-2.00 * 0.10) = 29.80 (buyer_max=120.0, deal_price=120.00, seller_min=90.0, round=2)
Seller Reward = seller_profit(30.00 * 1.00) + time_cost(-2.00 * 0.10) = 29.80 (deal_price=120.00, seller_min=90.0, round=2)
Buyer Reward = buyer_savings(0.00 * 1.00) + time_cost(-2.00 * 0.10) = -0.20 (buyer_max=120.0, deal_price=120.00, round=2)
Reward = buyer_savings(0.00 * 1.00) + seller_profit(30.00 * 1.00) + time_cost(-1.00 * 0.10) = 29.90 (buyer_max=120.0, deal_price=120.00, seller_min=90.0, round=1)
Seller Reward = seller_profit(30.00 * 1.00) + time_cost(-1.00 * 0.10) = 29.90 (deal_price=120.00, seller_min=90.0, round=1)
Buyer Reward = buyer_savings(0.00 * 1.00) + time_cost(-1.00 * 0.10) = -0.10 (buyer_max=120.0, deal_price=120.00, round=1)
Reward = buyer_savings(0.00 * 1.00) + seller_profit(30.00 * 1.00) + time_cost(-1.00 * 0.10) = 29.90 (buyer_max=120.0, deal_price=120.00, seller_min=90.0, round=1)
Seller Reward = seller_profit(30.00 * 1.00) + time_cost(-1.00 * 0.10) = 29.90 (deal_price=120.00, seller_min=90.0, round=1)
Buyer Reward = buyer_savings(0.00 * 1.00) + time_cost(-1.00 * 0.10) = -0.10 (buyer_max=120.0, deal_price=120.00, round=1)
Reward = buyer_savings(8.00 * 1.00) + seller_profit(22.00 * 1.00) + time_cost(-2.00 * 0.10) = 29.80 (buyer_max=120.0, deal_price=112.00, seller_min=90.0, round=2)
Seller Reward = seller_profit(22.00 * 1.00) + time_cost(-2.00 * 0.10) = 21.80 (deal_price=112.00, seller_min=90.0, round=2)
Buyer Reward = buyer_savings(8.00 * 1.00) + time_cost(-2.00 * 0.10) = 7.80 (buyer_max=120.0, deal_price=112.00, round=2)
Reward = buyer_savings(11.00 * 1.00) + seller_profit(19.00 * 1.00) + time_cost(-4.00 * 0.10) = 29.60 (buyer_max=120.0, deal_price=109.00, seller_min=90.0, round=4)
Seller Reward = seller_profit(19.00 * 1.00) + time_cost(-4.00 * 0.10) = 18.60 (deal_price=109.00, seller_min=90.0, round=4)
Buyer Reward = buyer_savings(11.00 * 1.00) + time_cost(-4.00 * 0.10) = 10.60 (buyer_max=120.0, deal_price=109.00, round=4)
Reward = time_cost(-11.00 * 0.10) = -1.10 (round=11, deal not reached)
Seller Reward = time_cost(-11.00 * 0.10) = -1.10 (round=11, deal not reached)
Buyer Reward = time_cost(-11.00 * 0.10) = -1.10 (round=11, deal not reached)
Reward = time_cost(-11.00 * 0.10) = -1.10 (round=11, deal not reached)
Seller Reward = time_cost(-11.00 * 0.10) = -1.10 (round=11, deal not reached)
Buyer Reward = time_cost(-11.00 * 0.10) = -1.10 (round=11, deal not reached)
Reward = buyer_savings(0.00 * 1.00) + seller_profit(30.00 * 1.00) + time_cost(-2.00 * 0.10) = 29.80 (buyer_max=120.0, deal_price=120.00, seller_min=90.0, round=2)
Seller Reward = seller_profit(30.00 * 1.00) + time_cost(-2.00 * 0.10) = 29.80 (deal_price=120.00, seller_min=90.0, round=2)
Buyer Reward = buyer_savings(0.00 * 1.00) + time_cost(-2.00 * 0.10) = -0.20 (buyer_max=120.0, deal_price=120.00, round=2)
Reward = buyer_savings(0.00 * 1.00) + seller_profit(30.00 * 1.00) + time_cost(-4.00 * 0.10) = 29.60 (buyer_max=120.0, deal_price=120.00, seller_min=90.0, round=4)
Seller Reward = seller_profit(30.00 * 1.00) + time_cost(-4.00 * 0.10) = 29.60 (deal_price=120.00, seller_min=90.0, round=4)
Buyer Reward = buyer_savings(0.00 * 1.00) + time_cost(-4.00 * 0.10) = -0.40 (buyer_max=120.0, deal_price=120.00, round=4)
Reward = buyer_savings(10.00 * 1.00) + seller_profit(20.00 * 1.00) + time_cost(-2.00 * 0.10) = 29.80 (buyer_max=120.0, deal_price=110.00, seller_min=90.0, round=2)
Seller Reward = seller_profit(20.00 * 1.00) + time_cost(-2.00 * 0.10) = 19.80 (deal_price=110.00, seller_min=90.0, round=2)
Buyer Reward = buyer_savings(10.00 * 1.00) + time_cost(-2.00 * 0.10) = 9.80 (buyer_max=120.0, deal_price=110.00, round=2)
Reward = buyer_savings(15.00 * 1.00) + seller_profit(15.00 * 1.00) + time_cost(-2.00 * 0.10) = 29.80 (buyer_max=120.0, deal_price=105.00, seller_min=90.0, round=2)
Seller Reward = seller_profit(15.00 * 1.00) + time_cost(-2.00 * 0.10) = 14.80 (deal_price=105.00, seller_min=90.0, round=2)
Buyer Reward = buyer_savings(15.00 * 1.00) + time_cost(-2.00 * 0.10) = 14.80 (buyer_max=120.0, deal_price=105.00, round=2)
Reward = buyer_savings(12.50 * 1.00) + seller_profit(17.50 * 1.00) + time_cost(-3.00 * 0.10) = 29.70 (buyer_max=120.0, deal_price=107.50, seller_min=90.0, round=3)
Seller Reward = seller_profit(17.50 * 1.00) + time_cost(-3.00 * 0.10) = 17.20 (deal_price=107.50, seller_min=90.0, round=3)
Buyer Reward = buyer_savings(12.50 * 1.00) + time_cost(-3.00 * 0.10) = 12.20 (buyer_max=120.0, deal_price=107.50, round=3)
Reward = buyer_savings(25.00 * 1.00) + seller_profit(5.00 * 1.00) + time_cost(-1.00 * 0.10) = 29.90 (buyer_max=120.0, deal_price=95.00, seller_min=90.0, round=1)
Seller Reward = seller_profit(5.00 * 1.00) + time_cost(-1.00 * 0.10) = 4.90 (deal_price=95.00, seller_min=90.0, round=1)
Buyer Reward = buyer_savings(25.00 * 1.00) + time_cost(-1.00 * 0.10) = 24.90 (buyer_max=120.0, deal_price=95.00, round=1)
Reward = time_cost(-11.00 * 0.10) = -1.10 (round=11, deal not reached)
Seller Reward = time_cost(-11.00 * 0.10) = -1.10 (round=11, deal not reached)
Buyer Reward = time_cost(-11.00 * 0.10) = -1.10 (round=11, deal not reached)
Reward = buyer_savings(30.00 * 1.00) + seller_profit(-0.00 * 1.00) + time_cost(-8.00 * 0.10) = 29.20 (buyer_max=120.0, deal_price=90.00, seller_min=90.0, round=8)
Seller Reward = seller_profit(-0.00 * 1.00) + time_cost(-8.00 * 0.10) = -0.80 (deal_price=90.00, seller_min=90.0, round=8)
Buyer Reward = buyer_savings(30.00 * 1.00) + time_cost(-8.00 * 0.10) = 29.20 (buyer_max=120.0, deal_price=90.00, round=8)
Reward = buyer_savings(10.00 * 1.00) + seller_profit(20.00 * 1.00) + time_cost(-1.00 * 0.10) = 29.90 (buyer_max=120.0, deal_price=110.00, seller_min=90.0, round=1)
Seller Reward = seller_profit(20.00 * 1.00) + time_cost(-1.00 * 0.10) = 19.90 (deal_price=110.00, seller_min=90.0, round=1)
Buyer Reward = buyer_savings(10.00 * 1.00) + time_cost(-1.00 * 0.10) = 9.90 (buyer_max=120.0, deal_price=110.00, round=1)
Reward = buyer_savings(0.00 * 1.00) + seller_profit(30.00 * 1.00) + time_cost(-2.00 * 0.10) = 29.80 (buyer_max=120.0, deal_price=120.00, seller_min=90.0, round=2)
Seller Reward = seller_profit(30.00 * 1.00) + time_cost(-2.00 * 0.10) = 29.80 (deal_price=120.00, seller_min=90.0, round=2)
Buyer Reward = buyer_savings(0.00 * 1.00) + time_cost(-2.00 * 0.10) = -0.20 (buyer_max=120.0, deal_price=120.00, round=2)
Reward = buyer_savings(0.00 * 1.00) + seller_profit(30.00 * 1.00) + time_cost(-2.00 * 0.10) = 29.80 (buyer_max=120.0, deal_price=120.00, seller_min=90.0, round=2)
Seller Reward = seller_profit(30.00 * 1.00) + time_cost(-2.00 * 0.10) = 29.80 (deal_price=120.00, seller_min=90.0, round=2)
Buyer Reward = buyer_savings(0.00 * 1.00) + time_cost(-2.00 * 0.10) = -0.20 (buyer_max=120.0, deal_price=120.00, round=2)
Reward = buyer_savings(10.00 * 1.00) + seller_profit(20.00 * 1.00) + time_cost(-2.00 * 0.10) = 29.80 (buyer_max=120.0, deal_price=110.00, seller_min=90.0, round=2)
Seller Reward = seller_profit(20.00 * 1.00) + time_cost(-2.00 * 0.10) = 19.80 (deal_price=110.00, seller_min=90.0, round=2)
Buyer Reward = buyer_savings(10.00 * 1.00) + time_cost(-2.00 * 0.10) = 9.80 (buyer_max=120.0, deal_price=110.00, round=2)
Reward = buyer_savings(0.00 * 1.00) + seller_profit(30.00 * 1.00) + time_cost(-2.00 * 0.10) = 29.80 (buyer_max=120.0, deal_price=120.00, seller_min=90.0, round=2)
Seller Reward = seller_profit(30.00 * 1.00) + time_cost(-2.00 * 0.10) = 29.80 (deal_price=120.00, seller_min=90.0, round=2)
Buyer Reward = buyer_savings(0.00 * 1.00) + time_cost(-2.00 * 0.10) = -0.20 (buyer_max=120.0, deal_price=120.00, round=2)
Reward = buyer_savings(5.00 * 1.00) + seller_profit(25.00 * 1.00) + time_cost(-1.00 * 0.10) = 29.90 (buyer_max=120.0, deal_price=115.00, seller_min=90.0, round=1)
Seller Reward = seller_profit(25.00 * 1.00) + time_cost(-1.00 * 0.10) = 24.90 (deal_price=115.00, seller_min=90.0, round=1)
Buyer Reward = buyer_savings(5.00 * 1.00) + time_cost(-1.00 * 0.10) = 4.90 (buyer_max=120.0, deal_price=115.00, round=1)
Reward = buyer_savings(10.00 * 1.00) + seller_profit(20.00 * 1.00) + time_cost(-1.00 * 0.10) = 29.90 (buyer_max=120.0, deal_price=110.00, seller_min=90.0, round=1)
Seller Reward = seller_profit(20.00 * 1.00) + time_cost(-1.00 * 0.10) = 19.90 (deal_price=110.00, seller_min=90.0, round=1)
Buyer Reward = buyer_savings(10.00 * 1.00) + time_cost(-1.00 * 0.10) = 9.90 (buyer_max=120.0, deal_price=110.00, round=1)
Reward = buyer_savings(0.00 * 1.00) + seller_profit(30.00 * 1.00) + time_cost(-2.00 * 0.10) = 29.80 (buyer_max=120.0, deal_price=120.00, seller_min=90.0, round=2)
Seller Reward = seller_profit(30.00 * 1.00) + time_cost(-2.00 * 0.10) = 29.80 (deal_price=120.00, seller_min=90.0, round=2)
Buyer Reward = buyer_savings(0.00 * 1.00) + time_cost(-2.00 * 0.10) = -0.20 (buyer_max=120.0, deal_price=120.00, round=2)
Reward = buyer_savings(0.00 * 1.00) + seller_profit(30.00 * 1.00) + time_cost(-2.00 * 0.10) = 29.80 (buyer_max=120.0, deal_price=120.00, seller_min=90.0, round=2)
Seller Reward = seller_profit(30.00 * 1.00) + time_cost(-2.00 * 0.10) = 29.80 (deal_price=120.00, seller_min=90.0, round=2)
Buyer Reward = buyer_savings(0.00 * 1.00) + time_cost(-2.00 * 0.10) = -0.20 (buyer_max=120.0, deal_price=120.00, round=2)
Reward = buyer_savings(0.00 * 1.00) + seller_profit(30.00 * 1.00) + time_cost(-3.00 * 0.10) = 29.70 (buyer_max=120.0, deal_price=120.00, seller_min=90.0, round=3)
Seller Reward = seller_profit(30.00 * 1.00) + time_cost(-3.00 * 0.10) = 29.70 (deal_price=120.00, seller_min=90.0, round=3)
Buyer Reward = buyer_savings(0.00 * 1.00) + time_cost(-3.00 * 0.10) = -0.30 (buyer_max=120.0, deal_price=120.00, round=3)
Reward = buyer_savings(0.00 * 1.00) + seller_profit(30.00 * 1.00) + time_cost(-3.00 * 0.10) = 29.70 (buyer_max=120.0, deal_price=120.00, seller_min=90.0, round=3)
Seller Reward = seller_profit(30.00 * 1.00) + time_cost(-3.00 * 0.10) = 29.70 (deal_price=120.00, seller_min=90.0, round=3)
Buyer Reward = buyer_savings(0.00 * 1.00) + time_cost(-3.00 * 0.10) = -0.30 (buyer_max=120.0, deal_price=120.00, round=3)
Reward = buyer_savings(2.00 * 1.00) + seller_profit(28.00 * 1.00) + time_cost(-3.00 * 0.10) = 29.70 (buyer_max=120.0, deal_price=118.00, seller_min=90.0, round=3)
Seller Reward = seller_profit(28.00 * 1.00) + time_cost(-3.00 * 0.10) = 27.70 (deal_price=118.00, seller_min=90.0, round=3)
Buyer Reward = buyer_savings(2.00 * 1.00) + time_cost(-3.00 * 0.10) = 1.70 (buyer_max=120.0, deal_price=118.00, round=3)
Reward = buyer_savings(30.00 * 1.00) + seller_profit(0.00 * 1.00) + time_cost(-5.00 * 0.10) = 29.50 (buyer_max=120.0, deal_price=90.00, seller_min=90.0, round=5)
Seller Reward = seller_profit(0.00 * 1.00) + time_cost(-5.00 * 0.10) = -0.50 (deal_price=90.00, seller_min=90.0, round=5)
Buyer Reward = buyer_savings(30.00 * 1.00) + time_cost(-5.00 * 0.10) = 29.50 (buyer_max=120.0, deal_price=90.00, round=5)
Reward = time_cost(-11.00 * 0.10) = -1.10 (round=11, deal not reached)
Seller Reward = time_cost(-11.00 * 0.10) = -1.10 (round=11, deal not reached)
Buyer Reward = time_cost(-11.00 * 0.10) = -1.10 (round=11, deal not reached)
Reward = buyer_savings(0.00 * 1.00) + seller_profit(30.00 * 1.00) + time_cost(-2.00 * 0.10) = 29.80 (buyer_max=120.0, deal_price=120.00, seller_min=90.0, round=2)
Seller Reward = seller_profit(30.00 * 1.00) + time_cost(-2.00 * 0.10) = 29.80 (deal_price=120.00, seller_min=90.0, round=2)
Buyer Reward = buyer_savings(0.00 * 1.00) + time_cost(-2.00 * 0.10) = -0.20 (buyer_max=120.0, deal_price=120.00, round=2)
Reward = buyer_savings(0.00 * 1.00) + seller_profit(30.00 * 1.00) + time_cost(-2.00 * 0.10) = 29.80 (buyer_max=120.0, deal_price=120.00, seller_min=90.0, round=2)
Seller Reward = seller_profit(30.00 * 1.00) + time_cost(-2.00 * 0.10) = 29.80 (deal_price=120.00, seller_min=90.0, round=2)
Buyer Reward = buyer_savings(0.00 * 1.00) + time_cost(-2.00 * 0.10) = -0.20 (buyer_max=120.0, deal_price=120.00, round=2)
Reward = buyer_savings(5.00 * 1.00) + seller_profit(25.00 * 1.00) + time_cost(-1.00 * 0.10) = 29.90 (buyer_max=120.0, deal_price=115.00, seller_min=90.0, round=1)
Seller Reward = seller_profit(25.00 * 1.00) + time_cost(-1.00 * 0.10) = 24.90 (deal_price=115.00, seller_min=90.0, round=1)
Buyer Reward = buyer_savings(5.00 * 1.00) + time_cost(-1.00 * 0.10) = 4.90 (buyer_max=120.0, deal_price=115.00, round=1)
Reward = buyer_savings(0.00 * 1.00) + seller_profit(30.00 * 1.00) + time_cost(-2.00 * 0.10) = 29.80 (buyer_max=120.0, deal_price=120.00, seller_min=90.0, round=2)
Seller Reward = seller_profit(30.00 * 1.00) + time_cost(-2.00 * 0.10) = 29.80 (deal_price=120.00, seller_min=90.0, round=2)
Buyer Reward = buyer_savings(0.00 * 1.00) + time_cost(-2.00 * 0.10) = -0.20 (buyer_max=120.0, deal_price=120.00, round=2)
Reward = buyer_savings(0.00 * 1.00) + seller_profit(30.00 * 1.00) + time_cost(-2.00 * 0.10) = 29.80 (buyer_max=120.0, deal_price=120.00, seller_min=90.0, round=2)
Seller Reward = seller_profit(30.00 * 1.00) + time_cost(-2.00 * 0.10) = 29.80 (deal_price=120.00, seller_min=90.0, round=2)
Buyer Reward = buyer_savings(0.00 * 1.00) + time_cost(-2.00 * 0.10) = -0.20 (buyer_max=120.0, deal_price=120.00, round=2)
Reward = buyer_savings(0.00 * 1.00) + seller_profit(30.00 * 1.00) + time_cost(-3.00 * 0.10) = 29.70 (buyer_max=120.0, deal_price=120.00, seller_min=90.0, round=3)
Seller Reward = seller_profit(30.00 * 1.00) + time_cost(-3.00 * 0.10) = 29.70 (deal_price=120.00, seller_min=90.0, round=3)
Buyer Reward = buyer_savings(0.00 * 1.00) + time_cost(-3.00 * 0.10) = -0.30 (buyer_max=120.0, deal_price=120.00, round=3)
Reward = buyer_savings(1.50 * 1.00) + seller_profit(28.50 * 1.00) + time_cost(-2.00 * 0.10) = 29.80 (buyer_max=120.0, deal_price=118.50, seller_min=90.0, round=2)
Seller Reward = seller_profit(28.50 * 1.00) + time_cost(-2.00 * 0.10) = 28.30 (deal_price=118.50, seller_min=90.0, round=2)
Buyer Reward = buyer_savings(1.50 * 1.00) + time_cost(-2.00 * 0.10) = 1.30 (buyer_max=120.0, deal_price=118.50, round=2)
Reward = buyer_savings(0.00 * 1.00) + seller_profit(30.00 * 1.00) + time_cost(-2.00 * 0.10) = 29.80 (buyer_max=120.0, deal_price=120.00, seller_min=90.0, round=2)
Seller Reward = seller_profit(30.00 * 1.00) + time_cost(-2.00 * 0.10) = 29.80 (deal_price=120.00, seller_min=90.0, round=2)
Buyer Reward = buyer_savings(0.00 * 1.00) + time_cost(-2.00 * 0.10) = -0.20 (buyer_max=120.0, deal_price=120.00, round=2)
Reward = buyer_savings(2.00 * 1.00) + seller_profit(28.00 * 1.00) + time_cost(-3.00 * 0.10) = 29.70 (buyer_max=120.0, deal_price=118.00, seller_min=90.0, round=3)
Seller Reward = seller_profit(28.00 * 1.00) + time_cost(-3.00 * 0.10) = 27.70 (deal_price=118.00, seller_min=90.0, round=3)
Buyer Reward = buyer_savings(2.00 * 1.00) + time_cost(-3.00 * 0.10) = 1.70 (buyer_max=120.0, deal_price=118.00, round=3)
Reward = buyer_savings(10.00 * 1.00) + seller_profit(20.00 * 1.00) + time_cost(-1.00 * 0.10) = 29.90 (buyer_max=120.0, deal_price=110.00, seller_min=90.0, round=1)
Seller Reward = seller_profit(20.00 * 1.00) + time_cost(-1.00 * 0.10) = 19.90 (deal_price=110.00, seller_min=90.0, round=1)
Buyer Reward = buyer_savings(10.00 * 1.00) + time_cost(-1.00 * 0.10) = 9.90 (buyer_max=120.0, deal_price=110.00, round=1)
Reward = buyer_savings(2.00 * 1.00) + seller_profit(28.00 * 1.00) + time_cost(-2.00 * 0.10) = 29.80 (buyer_max=120.0, deal_price=118.00, seller_min=90.0, round=2)
Seller Reward = seller_profit(28.00 * 1.00) + time_cost(-2.00 * 0.10) = 27.80 (deal_price=118.00, seller_min=90.0, round=2)
Buyer Reward = buyer_savings(2.00 * 1.00) + time_cost(-2.00 * 0.10) = 1.80 (buyer_max=120.0, deal_price=118.00, round=2)
Reward = buyer_savings(3.00 * 1.00) + seller_profit(27.00 * 1.00) + time_cost(-3.00 * 0.10) = 29.70 (buyer_max=120.0, deal_price=117.00, seller_min=90.0, round=3)
Seller Reward = seller_profit(27.00 * 1.00) + time_cost(-3.00 * 0.10) = 26.70 (deal_price=117.00, seller_min=90.0, round=3)
Buyer Reward = buyer_savings(3.00 * 1.00) + time_cost(-3.00 * 0.10) = 2.70 (buyer_max=120.0, deal_price=117.00, round=3)
Reward = buyer_savings(18.00 * 1.00) + seller_profit(12.00 * 1.00) + time_cost(-2.00 * 0.10) = 29.80 (buyer_max=120.0, deal_price=102.00, seller_min=90.0, round=2)
Seller Reward = seller_profit(12.00 * 1.00) + time_cost(-2.00 * 0.10) = 11.80 (deal_price=102.00, seller_min=90.0, round=2)
Buyer Reward = buyer_savings(18.00 * 1.00) + time_cost(-2.00 * 0.10) = 17.80 (buyer_max=120.0, deal_price=102.00, round=2)
Reward = buyer_savings(1.00 * 1.00) + seller_profit(29.00 * 1.00) + time_cost(-3.00 * 0.10) = 29.70 (buyer_max=120.0, deal_price=119.00, seller_min=90.0, round=3)
Seller Reward = seller_profit(29.00 * 1.00) + time_cost(-3.00 * 0.10) = 28.70 (deal_price=119.00, seller_min=90.0, round=3)
Buyer Reward = buyer_savings(1.00 * 1.00) + time_cost(-3.00 * 0.10) = 0.70 (buyer_max=120.0, deal_price=119.00, round=3)
Reward = buyer_savings(30.00 * 1.00) + seller_profit(0.00 * 1.00) + time_cost(-10.00 * 0.10) = 29.00 (buyer_max=120.0, deal_price=90.00, seller_min=90.0, round=10)
Seller Reward = seller_profit(0.00 * 1.00) + time_cost(-10.00 * 0.10) = -1.00 (deal_price=90.00, seller_min=90.0, round=10)
Buyer Reward = buyer_savings(30.00 * 1.00) + time_cost(-10.00 * 0.10) = 29.00 (buyer_max=120.0, deal_price=90.00, round=10)
Reward = time_cost(-11.00 * 0.10) = -1.10 (round=11, deal not reached)
Seller Reward = time_cost(-11.00 * 0.10) = -1.10 (round=11, deal not reached)
Buyer Reward = time_cost(-11.00 * 0.10) = -1.10 (round=11, deal not reached)
Reward = buyer_savings(8.00 * 1.00) + seller_profit(22.00 * 1.00) + time_cost(-2.00 * 0.10) = 29.80 (buyer_max=120.0, deal_price=112.00, seller_min=90.0, round=2)
Seller Reward = seller_profit(22.00 * 1.00) + time_cost(-2.00 * 0.10) = 21.80 (deal_price=112.00, seller_min=90.0, round=2)
Buyer Reward = buyer_savings(8.00 * 1.00) + time_cost(-2.00 * 0.10) = 7.80 (buyer_max=120.0, deal_price=112.00, round=2)
Reward = buyer_savings(0.00 * 1.00) + seller_profit(30.00 * 1.00) + time_cost(-2.00 * 0.10) = 29.80 (buyer_max=120.0, deal_price=120.00, seller_min=90.0, round=2)
Seller Reward = seller_profit(30.00 * 1.00) + time_cost(-2.00 * 0.10) = 29.80 (deal_price=120.00, seller_min=90.0, round=2)
Buyer Reward = buyer_savings(0.00 * 1.00) + time_cost(-2.00 * 0.10) = -0.20 (buyer_max=120.0, deal_price=120.00, round=2)
Reward = buyer_savings(0.00 * 1.00) + seller_profit(30.00 * 1.00) + time_cost(-2.00 * 0.10) = 29.80 (buyer_max=120.0, deal_price=120.00, seller_min=90.0, round=2)
Seller Reward = seller_profit(30.00 * 1.00) + time_cost(-2.00 * 0.10) = 29.80 (deal_price=120.00, seller_min=90.0, round=2)
Buyer Reward = buyer_savings(0.00 * 1.00) + time_cost(-2.00 * 0.10) = -0.20 (buyer_max=120.0, deal_price=120.00, round=2)
Reward = buyer_savings(1.00 * 1.00) + seller_profit(29.00 * 1.00) + time_cost(-5.00 * 0.10) = 29.50 (buyer_max=120.0, deal_price=119.00, seller_min=90.0, round=5)
Seller Reward = seller_profit(29.00 * 1.00) + time_cost(-5.00 * 0.10) = 28.50 (deal_price=119.00, seller_min=90.0, round=5)
Buyer Reward = buyer_savings(1.00 * 1.00) + time_cost(-5.00 * 0.10) = 0.50 (buyer_max=120.0, deal_price=119.00, round=5)
Reward = buyer_savings(0.00 * 1.00) + seller_profit(30.00 * 1.00) + time_cost(-2.00 * 0.10) = 29.80 (buyer_max=120.0, deal_price=120.00, seller_min=90.0, round=2)
Seller Reward = seller_profit(30.00 * 1.00) + time_cost(-2.00 * 0.10) = 29.80 (deal_price=120.00, seller_min=90.0, round=2)
Buyer Reward = buyer_savings(0.00 * 1.00) + time_cost(-2.00 * 0.10) = -0.20 (buyer_max=120.0, deal_price=120.00, round=2)
Reward = buyer_savings(0.00 * 1.00) + seller_profit(30.00 * 1.00) + time_cost(-3.00 * 0.10) = 29.70 (buyer_max=120.0, deal_price=120.00, seller_min=90.0, round=3)
Seller Reward = seller_profit(30.00 * 1.00) + time_cost(-3.00 * 0.10) = 29.70 (deal_price=120.00, seller_min=90.0, round=3)
Buyer Reward = buyer_savings(0.00 * 1.00) + time_cost(-3.00 * 0.10) = -0.30 (buyer_max=120.0, deal_price=120.00, round=3)
Reward = buyer_savings(0.00 * 1.00) + seller_profit(30.00 * 1.00) + time_cost(-1.00 * 0.10) = 29.90 (buyer_max=120.0, deal_price=120.00, seller_min=90.0, round=1)
Seller Reward = seller_profit(30.00 * 1.00) + time_cost(-1.00 * 0.10) = 29.90 (deal_price=120.00, seller_min=90.0, round=1)
Buyer Reward = buyer_savings(0.00 * 1.00) + time_cost(-1.00 * 0.10) = -0.10 (buyer_max=120.0, deal_price=120.00, round=1)
Reward = buyer_savings(0.00 * 1.00) + seller_profit(30.00 * 1.00) + time_cost(-2.00 * 0.10) = 29.80 (buyer_max=120.0, deal_price=120.00, seller_min=90.0, round=2)
Seller Reward = seller_profit(30.00 * 1.00) + time_cost(-2.00 * 0.10) = 29.80 (deal_price=120.00, seller_min=90.0, round=2)
Buyer Reward = buyer_savings(0.00 * 1.00) + time_cost(-2.00 * 0.10) = -0.20 (buyer_max=120.0, deal_price=120.00, round=2)
Reward = buyer_savings(0.00 * 1.00) + seller_profit(30.00 * 1.00) + time_cost(-3.00 * 0.10) = 29.70 (buyer_max=120.0, deal_price=120.00, seller_min=90.0, round=3)
Seller Reward = seller_profit(30.00 * 1.00) + time_cost(-3.00 * 0.10) = 29.70 (deal_price=120.00, seller_min=90.0, round=3)
Buyer Reward = buyer_savings(0.00 * 1.00) + time_cost(-3.00 * 0.10) = -0.30 (buyer_max=120.0, deal_price=120.00, round=3)
Reward = buyer_savings(0.00 * 1.00) + seller_profit(30.00 * 1.00) + time_cost(-2.00 * 0.10) = 29.80 (buyer_max=120.0, deal_price=120.00, seller_min=90.0, round=2)
Seller Reward = seller_profit(30.00 * 1.00) + time_cost(-2.00 * 0.10) = 29.80 (deal_price=120.00, seller_min=90.0, round=2)
Buyer Reward = buyer_savings(0.00 * 1.00) + time_cost(-2.00 * 0.10) = -0.20 (buyer_max=120.0, deal_price=120.00, round=2)
Reward = buyer_savings(25.00 * 1.00) + seller_profit(5.00 * 1.00) + time_cost(-2.00 * 0.10) = 29.80 (buyer_max=120.0, deal_price=95.00, seller_min=90.0, round=2)
Seller Reward = seller_profit(5.00 * 1.00) + time_cost(-2.00 * 0.10) = 4.80 (deal_price=95.00, seller_min=90.0, round=2)
Buyer Reward = buyer_savings(25.00 * 1.00) + time_cost(-2.00 * 0.10) = 24.80 (buyer_max=120.0, deal_price=95.00, round=2)
Reward = buyer_savings(30.00 * 1.00) + seller_profit(0.00 * 1.00) + time_cost(-2.00 * 0.10) = 29.80 (buyer_max=120.0, deal_price=90.00, seller_min=90.0, round=2)
Seller Reward = seller_profit(0.00 * 1.00) + time_cost(-2.00 * 0.10) = -0.20 (deal_price=90.00, seller_min=90.0, round=2)
Buyer Reward = buyer_savings(30.00 * 1.00) + time_cost(-2.00 * 0.10) = 29.80 (buyer_max=120.0, deal_price=90.00, round=2)
Reward = time_cost(-11.00 * 0.10) = -1.10 (round=11, deal not reached)
Seller Reward = time_cost(-11.00 * 0.10) = -1.10 (round=11, deal not reached)
Buyer Reward = time_cost(-11.00 * 0.10) = -1.10 (round=11, deal not reached)
Reward = buyer_savings(0.00 * 1.00) + seller_profit(30.00 * 1.00) + time_cost(-5.00 * 0.10) = 29.50 (buyer_max=120.0, deal_price=120.00, seller_min=90.0, round=5)
Seller Reward = seller_profit(30.00 * 1.00) + time_cost(-5.00 * 0.10) = 29.50 (deal_price=120.00, seller_min=90.0, round=5)
Buyer Reward = buyer_savings(0.00 * 1.00) + time_cost(-5.00 * 0.10) = -0.50 (buyer_max=120.0, deal_price=120.00, round=5)
Reward = buyer_savings(10.00 * 1.00) + seller_profit(20.00 * 1.00) + time_cost(-2.00 * 0.10) = 29.80 (buyer_max=120.0, deal_price=110.00, seller_min=90.0, round=2)
Seller Reward = seller_profit(20.00 * 1.00) + time_cost(-2.00 * 0.10) = 19.80 (deal_price=110.00, seller_min=90.0, round=2)
Buyer Reward = buyer_savings(10.00 * 1.00) + time_cost(-2.00 * 0.10) = 9.80 (buyer_max=120.0, deal_price=110.00, round=2)
Reward = buyer_savings(15.00 * 1.00) + seller_profit(15.00 * 1.00) + time_cost(-1.00 * 0.10) = 29.90 (buyer_max=120.0, deal_price=105.00, seller_min=90.0, round=1)
Seller Reward = seller_profit(15.00 * 1.00) + time_cost(-1.00 * 0.10) = 14.90 (deal_price=105.00, seller_min=90.0, round=1)
Buyer Reward = buyer_savings(15.00 * 1.00) + time_cost(-1.00 * 0.10) = 14.90 (buyer_max=120.0, deal_price=105.00, round=1)
Reward = buyer_savings(0.00 * 1.00) + seller_profit(30.00 * 1.00) + time_cost(-1.00 * 0.10) = 29.90 (buyer_max=120.0, deal_price=120.00, seller_min=90.0, round=1)
Seller Reward = seller_profit(30.00 * 1.00) + time_cost(-1.00 * 0.10) = 29.90 (deal_price=120.00, seller_min=90.0, round=1)
Buyer Reward = buyer_savings(0.00 * 1.00) + time_cost(-1.00 * 0.10) = -0.10 (buyer_max=120.0, deal_price=120.00, round=1)
Reward = buyer_savings(0.00 * 1.00) + seller_profit(30.00 * 1.00) + time_cost(-4.00 * 0.10) = 29.60 (buyer_max=120.0, deal_price=120.00, seller_min=90.0, round=4)
Seller Reward = seller_profit(30.00 * 1.00) + time_cost(-4.00 * 0.10) = 29.60 (deal_price=120.00, seller_min=90.0, round=4)
Buyer Reward = buyer_savings(0.00 * 1.00) + time_cost(-4.00 * 0.10) = -0.40 (buyer_max=120.0, deal_price=120.00, round=4)
Reward = buyer_savings(5.00 * 1.00) + seller_profit(25.00 * 1.00) + time_cost(-1.00 * 0.10) = 29.90 (buyer_max=120.0, deal_price=115.00, seller_min=90.0, round=1)
Seller Reward = seller_profit(25.00 * 1.00) + time_cost(-1.00 * 0.10) = 24.90 (deal_price=115.00, seller_min=90.0, round=1)
Buyer Reward = buyer_savings(5.00 * 1.00) + time_cost(-1.00 * 0.10) = 4.90 (buyer_max=120.0, deal_price=115.00, round=1)
Reward = buyer_savings(5.00 * 1.00) + seller_profit(25.00 * 1.00) + time_cost(-2.00 * 0.10) = 29.80 (buyer_max=120.0, deal_price=115.00, seller_min=90.0, round=2)
Seller Reward = seller_profit(25.00 * 1.00) + time_cost(-2.00 * 0.10) = 24.80 (deal_price=115.00, seller_min=90.0, round=2)
Buyer Reward = buyer_savings(5.00 * 1.00) + time_cost(-2.00 * 0.10) = 4.80 (buyer_max=120.0, deal_price=115.00, round=2)
Reward = buyer_savings(2.00 * 1.00) + seller_profit(28.00 * 1.00) + time_cost(-2.00 * 0.10) = 29.80 (buyer_max=120.0, deal_price=118.00, seller_min=90.0, round=2)
Seller Reward = seller_profit(28.00 * 1.00) + time_cost(-2.00 * 0.10) = 27.80 (deal_price=118.00, seller_min=90.0, round=2)
Buyer Reward = buyer_savings(2.00 * 1.00) + time_cost(-2.00 * 0.10) = 1.80 (buyer_max=120.0, deal_price=118.00, round=2)
Reward = buyer_savings(0.00 * 1.00) + seller_profit(30.00 * 1.00) + time_cost(-6.00 * 0.10) = 29.40 (buyer_max=120.0, deal_price=120.00, seller_min=90.0, round=6)
Seller Reward = seller_profit(30.00 * 1.00) + time_cost(-6.00 * 0.10) = 29.40 (deal_price=120.00, seller_min=90.0, round=6)
Buyer Reward = buyer_savings(0.00 * 1.00) + time_cost(-6.00 * 0.10) = -0.60 (buyer_max=120.0, deal_price=120.00, round=6)
Reward = buyer_savings(0.00 * 1.00) + seller_profit(30.00 * 1.00) + time_cost(-4.00 * 0.10) = 29.60 (buyer_max=120.0, deal_price=120.00, seller_min=90.0, round=4)
Seller Reward = seller_profit(30.00 * 1.00) + time_cost(-4.00 * 0.10) = 29.60 (deal_price=120.00, seller_min=90.0, round=4)
Buyer Reward = buyer_savings(0.00 * 1.00) + time_cost(-4.00 * 0.10) = -0.40 (buyer_max=120.0, deal_price=120.00, round=4)
Reward = buyer_savings(5.00 * 1.00) + seller_profit(25.00 * 1.00) + time_cost(-2.00 * 0.10) = 29.80 (buyer_max=120.0, deal_price=115.00, seller_min=90.0, round=2)
Seller Reward = seller_profit(25.00 * 1.00) + time_cost(-2.00 * 0.10) = 24.80 (deal_price=115.00, seller_min=90.0, round=2)
Buyer Reward = buyer_savings(5.00 * 1.00) + time_cost(-2.00 * 0.10) = 4.80 (buyer_max=120.0, deal_price=115.00, round=2)
